============================= test session starts ==============================
platform linux -- Python 3.12.3, pytest-8.3.5, pluggy-1.5.0 -- /home/mdgagauz/.cache/pypoetry/virtualenvs/bank-project-GFTMpwJ7-py3.12/bin/python
cachedir: .pytest_cache
rootdir: /home/mdgagauz/PycharmProjects/bank_project
configfile: pytest.ini
plugins: cov-5.0.0
collecting ... collected 69 items

tests/test_currency_converter.py::TestConvertCurrency::test_convert_currency PASSED [  1%]
tests/test_currency_converter.py::TestConvertCurrency::test_convert_currency_invalid_rate PASSED [  2%]
tests/test_currency_converter.py::TestConvertCurrency::test_convert_currency_missing_fields PASSED [  4%]
tests/test_currency_converter.py::TestConvertCurrency::test_convert_currency_missing_operation_amount PASSED [  5%]
tests/test_currency_converter.py::TestConvertCurrency::test_convert_currency_negative_amount PASSED [  7%]
tests/test_currency_converter.py::TestConvertCurrency::test_convert_currency_rub PASSED [  8%]
tests/test_currency_converter.py::TestConvertCurrency::test_convert_currency_unsupported_currency PASSED [ 10%]
tests/test_currency_converter.py::TestConvertCurrency::test_convert_currency_value_error PASSED [ 11%]
tests/test_currency_converter.py::TestConvertCurrency::test_get_conversion_rate PASSED [ 13%]
tests/test_currency_converter.py::TestConvertCurrency::test_get_conversion_rate_invalid_response PASSED [ 14%]
tests/test_currency_converter.py::TestConvertCurrency::test_get_conversion_rate_request_exception PASSED [ 15%]
tests/test_currency_converter.py::TestConvertCurrency::test_get_conversion_rate_value_error_invalid_rate PASSED [ 17%]
tests/test_currency_converter.py::TestConvertCurrency::test_get_conversion_rate_value_error_json PASSED [ 18%]
tests/test_currency_converter.py::TestConvertCurrency::test_get_conversion_rate_with_rates PASSED [ 20%]
tests/test_data_readers.py::TestDataReaders::test_read_csv_transactions_empty_file PASSED [ 21%]
tests/test_data_readers.py::TestDataReaders::test_read_csv_transactions_file_not_found PASSED [ 23%]
tests/test_data_readers.py::TestDataReaders::test_read_csv_transactions_success PASSED [ 24%]
tests/test_data_readers.py::TestDataReaders::test_read_excel_transactions_empty_file PASSED [ 26%]
tests/test_data_readers.py::TestDataReaders::test_read_excel_transactions_file_not_found PASSED [ 27%]
tests/test_data_readers.py::TestDataReaders::test_read_excel_transactions_success PASSED [ 28%]
tests/test_decorators.py::TestDecorators::test_log_with_error PASSED     [ 30%]
tests/test_decorators.py::TestDecorators::test_log_with_filename_success PASSED [ 31%]
tests/test_decorators.py::TestDecorators::test_log_without_filename_success PASSED [ 33%]
tests/test_file_handlers.py::TestFileHandlers::test_read_csv PASSED      [ 34%]
tests/test_file_handlers.py::TestFileHandlers::test_read_excel PASSED    [ 36%]
tests/test_file_utils.py::TestUtils::test_empty_file PASSED              [ 37%]
tests/test_file_utils.py::TestUtils::test_invalid_json PASSED            [ 39%]
tests/test_file_utils.py::TestUtils::test_load_json_file_general_exception PASSED [ 40%]
tests/test_file_utils.py::TestUtils::test_load_json_file_success PASSED  [ 42%]
tests/test_file_utils.py::TestUtils::test_logging PASSED                 [ 43%]
tests/test_file_utils.py::TestUtils::test_non_existent_file PASSED       [ 44%]
tests/test_file_utils.py::TestUtils::test_safe_json_dump_error PASSED    [ 46%]
tests/test_file_utils.py::TestUtils::test_safe_json_dump_success PASSED  [ 47%]
tests/test_generators.py::TestGenerators::test_card_number_generator PASSED [ 49%]
tests/test_generators.py::TestGenerators::test_filter_by_currency PASSED [ 50%]
tests/test_generators.py::TestGenerators::test_transaction_descriptions PASSED [ 52%]
tests/test_init.py::TestInit::test_convert_currency PASSED               [ 53%]
tests/test_init.py::TestInit::test_external_api PASSED                   [ 55%]
tests/test_init.py::TestInit::test_get_conversion_rate PASSED            [ 56%]
tests/test_main.py::TestMain::test_main_csv_canceled_no_sort PASSED      [ 57%]
tests/test_main.py::TestMain::test_main_empty_filtered_list_rub PASSED   [ 59%]
tests/test_main.py::TestMain::test_main_excel_pending_sort_desc_rub PASSED [ 60%]
tests/test_main.py::TestMain::test_main_invalid_choice PASSED            [ 62%]
tests/test_main.py::TestMain::test_main_invalid_status_empty_list PASSED [ 63%]
tests/test_main.py::TestMain::test_main_json_executed_rub_search PASSED  [ 65%]
tests/test_main.py::TestMain::test_main_json_file_not_found PASSED       [ 66%]
tests/test_main.py::TestMain::test_main_simple_output PASSED             [ 68%]
tests/test_main.py::TestMain::test_main_with_direct_amount PASSED        [ 69%]
tests/test_main.py::TestMain::test_main_with_direct_currency PASSED      [ 71%]
tests/test_main.py::TestMain::test_main_with_empty_fields PASSED         [ 72%]
tests/test_main.py::TestMain::test_main_with_input_data PASSED           [ 73%]
tests/test_main.py::TestMain::test_main_with_max_description PASSED      [ 75%]
tests/test_main.py::TestMain::test_main_with_only_amount PASSED          [ 76%]
tests/test_main.py::TestMain::test_main_with_sorting PASSED              [ 78%]
tests/test_masks.py::TestMasks::test_get_mask_account_invalid_length PASSED [ 79%]
tests/test_masks.py::TestMasks::test_get_mask_account_success PASSED     [ 81%]
tests/test_masks.py::TestMasks::test_get_mask_card_number_invalid_digits PASSED [ 82%]
tests/test_masks.py::TestMasks::test_get_mask_card_number_invalid_length PASSED [ 84%]
tests/test_masks.py::TestMasks::test_get_mask_card_number_success PASSED [ 85%]
tests/test_processing.py::TestProcessing::test_filter_by_currency PASSED [ 86%]
tests/test_processing.py::TestProcessing::test_filter_by_state_canceled PASSED [ 88%]
tests/test_processing.py::TestProcessing::test_filter_by_state_executed PASSED [ 89%]
tests/test_processing.py::TestProcessing::test_filter_by_state_unknown PASSED [ 91%]
tests/test_processing.py::TestProcessing::test_sort_by_date PASSED       [ 92%]
tests/test_widget.py::test_mask_account_card PASSED                      [ 94%]
tests/test_widget.py::test_mask_account_card_invalid PASSED              [ 95%]
tests/test_widget.py::test_mask_account_card_short_card_number PASSED    [ 97%]
tests/test_widget.py::test_mask_account_card_no_space_short PASSED       [ 98%]
tests/test_widget.py::test_get_date PASSED                               [100%]

---------- coverage: platform linux, python 3.12.3-final-0 -----------
Coverage HTML written to dir htmlcov


============================== 69 passed in 0.92s ==============================
